src/app/popups/PausePopup.ts(44,21): error TS2339: Property 'y' does not exist on type 'Button'.
src/app/popups/PausePopup.ts(45,21): error TS2339: Property 'onPress' does not exist on type 'Button'.
src/app/popups/PausePopup.ts(46,25): error TS2345: Argument of type 'Button' is not assignable to parameter of type 'ContainerChild'.
  Type 'Button' is missing the following properties from type 'Container<ContainerChild>': uid, _updateFlags, renderGroup, parentRenderGroup, and 142 more.
src/app/popups/ResultPopup.ts(2,41): error TS6133: 'Texture' is declared but its value is never read.
src/app/popups/ResultPopup.ts(5,1): error TS6133: 'Button' is declared but its value is never read.
src/app/popups/SettingsPopup.ts(1,22): error TS7016: Could not find a declaration file for module '@pixi/ui'. 'E:/PixiJS/PixiTest/node_modules/@pixi/ui/lib/index.js' implicitly has an 'any' type.
  Try `npm i --save-dev @types/pixi__ui` if it exists or add a new declaration (.d.ts) file containing `declare module '@pixi/ui';`
src/app/popups/SettingsPopup.ts(61,21): error TS2339: Property 'y' does not exist on type 'Button'.
src/app/popups/SettingsPopup.ts(62,21): error TS2339: Property 'onPress' does not exist on type 'Button'.
src/app/popups/SettingsPopup.ts(63,25): error TS2345: Argument of type 'Button' is not assignable to parameter of type 'ContainerChild'.
  Type 'Button' is missing the following properties from type 'Container<ContainerChild>': uid, _updateFlags, renderGroup, parentRenderGroup, and 142 more.
src/app/popups/SettingsPopup.ts(82,23): error TS2339: Property 'onUpdate' does not exist on type 'VolumeSlider'.
src/app/popups/SettingsPopup.ts(82,41): error TS7006: Parameter 'v' implicitly has an 'any' type.
src/app/popups/SettingsPopup.ts(88,20): error TS2339: Property 'onUpdate' does not exist on type 'VolumeSlider'.
src/app/popups/SettingsPopup.ts(88,38): error TS7006: Parameter 'v' implicitly has an 'any' type.
src/app/popups/SettingsPopup.ts(94,20): error TS2339: Property 'onUpdate' does not exist on type 'VolumeSlider'.
src/app/popups/SettingsPopup.ts(94,38): error TS7006: Parameter 'v' implicitly has an 'any' type.
src/app/popups/SettingsPopup.ts(110,23): error TS2339: Property 'value' does not exist on type 'VolumeSlider'.
src/app/popups/SettingsPopup.ts(111,20): error TS2339: Property 'value' does not exist on type 'VolumeSlider'.
src/app/popups/SettingsPopup.ts(112,20): error TS2339: Property 'value' does not exist on type 'VolumeSlider'.
src/app/screens/LoadScreen.ts(1,37): error TS7016: Could not find a declaration file for module '@pixi/ui'. 'E:/PixiJS/PixiTest/node_modules/@pixi/ui/lib/index.js' implicitly has an 'any' type.
  Try `npm i --save-dev @types/pixi__ui` if it exists or add a new declaration (.d.ts) file containing `declare module '@pixi/ui';`
src/app/screens/main/MainScreen.ts(1,29): error TS7016: Could not find a declaration file for module '@pixi/ui'. 'E:/PixiJS/PixiTest/node_modules/@pixi/ui/lib/index.js' implicitly has an 'any' type.
  Try `npm i --save-dev @types/pixi__ui` if it exists or add a new declaration (.d.ts) file containing `declare module '@pixi/ui';`
src/app/screens/main/MainScreen.ts(14,1): error TS6133: 'CreationEngine' is declared but its value is never read.
src/app/screens/main/MainScreen.ts(14,32): error TS2307: Cannot find module './engine/engine' or its corresponding type declarations.
src/app/screens/next/CardHistoryLayout.ts(6,13): error TS2564: Property 'cardsHistoryBackground' has no initializer and is not definitely assigned in the constructor.
src/app/screens/next/CardHistoryLayout.ts(7,13): error TS2564: Property 'cardsHistoryMask' has no initializer and is not definitely assigned in the constructor.
src/app/screens/next/CardHistoryLayout.ts(81,50): error TS6133: 'padding' is declared but its value is never read.
src/app/screens/next/FancyLayout.ts(1,29): error TS7016: Could not find a declaration file for module '@pixi/ui'. 'E:/PixiJS/PixiTest/node_modules/@pixi/ui/lib/index.js' implicitly has an 'any' type.
  Try `npm i --save-dev @types/pixi__ui` if it exists or add a new declaration (.d.ts) file containing `declare module '@pixi/ui';`
src/app/screens/next/FancyLayout.ts(2,39): error TS6133: 'Text' is declared but its value is never read.
src/app/screens/next/FancyLayout.ts(10,12): error TS2564: Property 'cardsContainer' has no initializer and is not definitely assigned in the constructor.
src/app/screens/next/FancyLayout.ts(11,12): error TS2564: Property 'currentCard' has no initializer and is not definitely assigned in the constructor.
src/app/screens/next/FancyLayout.ts(12,12): error TS2564: Property 'backCard' has no initializer and is not definitely assigned in the constructor.
src/app/screens/next/FancyLayout.ts(18,12): error TS2564: Property 'profitLayout' has no initializer and is not definitely assigned in the constructor.
src/app/screens/next/FancyLayout.ts(19,12): error TS2564: Property 'cardHistoryLayout' has no initializer and is not definitely assigned in the constructor.
src/app/screens/next/FancyLayout.ts(21,13): error TS2564: Property 'fancyBox' has no initializer and is not definitely assigned in the constructor.
src/app/screens/next/FancyLayout.ts(22,13): error TS2564: Property 'fancyBoxContainer' has no initializer and is not definitely assigned in the constructor.
src/app/screens/next/FancyLayout.ts(25,13): error TS2564: Property 'titleHigh' has no initializer and is not definitely assigned in the constructor.
src/app/screens/next/FancyLayout.ts(26,13): error TS2564: Property 'titleLow' has no initializer and is not definitely assigned in the constructor.
src/app/screens/next/FancyLayout.ts(27,13): error TS2564: Property 'highDes' has no initializer and is not definitely assigned in the constructor.
src/app/screens/next/FancyLayout.ts(28,13): error TS2564: Property 'lowDes' has no initializer and is not definitely assigned in the constructor.
src/app/screens/next/NextScreen.ts(17,13): error TS2564: Property 'currentState' has no initializer and is not definitely assigned in the constructor.
src/app/screens/next/NextScreen.ts(36,25): error TS2339: Property 'onPress' does not exist on type 'Button'.
src/app/screens/next/NextScreen.ts(39,23): error TS2345: Argument of type 'Button' is not assignable to parameter of type 'ContainerChild'.
  Type 'Button' is missing the following properties from type 'Container<ContainerChild>': uid, _updateFlags, renderGroup, parentRenderGroup, and 142 more.
src/app/screens/next/NextScreen.ts(58,17): error TS2367: This comparison appears to be unintentional because the types 'GameState.NonBetting' and 'GameState.Betting' have no overlap.
src/app/screens/next/NextScreen.ts(102,59): error TS2345: Argument of type 'string' is not assignable to parameter of type 'CardSuit'.
src/app/screens/next/NextScreen.ts(108,63): error TS2345: Argument of type 'string' is not assignable to parameter of type 'CardSuit'.
src/app/screens/next/NextScreen.ts(111,63): error TS2345: Argument of type 'string' is not assignable to parameter of type 'CardSuit'.
src/app/screens/next/NextScreen.ts(119,63): error TS2345: Argument of type 'string' is not assignable to parameter of type 'CardSuit'.
src/app/screens/next/NextScreen.ts(122,63): error TS2345: Argument of type 'string' is not assignable to parameter of type 'CardSuit'.
src/app/screens/next/NextScreen.ts(129,13): error TS2454: Variable 'result' is used before being assigned.
src/app/screens/next/NextScreen.ts(135,88): error TS2454: Variable 'result' is used before being assigned.
src/app/screens/next/NextScreen.ts(200,9): error TS2322: Type 'GameState.Betting' is not assignable to type 'GameState.NonBetting'.
src/app/screens/next/NextScreen.ts(258,25): error TS2339: Property 'x' does not exist on type 'Button'.
src/app/screens/next/NextScreen.ts(258,50): error TS2339: Property 'y' does not exist on type 'Button'.
src/app/screens/next/NextScreen.ts(264,15): error TS6133: 'elementsToAnimate' is declared but its value is never read.
src/app/screens/next/ProfitItem.ts(57,40): error TS6133: 'padding' is declared but its value is never read.
src/app/screens/next/ProfitLayout.ts(5,12): error TS2564: Property 'pHigherItem' has no initializer and is not definitely assigned in the constructor.
src/app/screens/next/ProfitLayout.ts(6,12): error TS2564: Property 'pLowerItem' has no initializer and is not definitely assigned in the constructor.
src/app/screens/next/ProfitLayout.ts(7,12): error TS2564: Property 'pTotalItem' has no initializer and is not definitely assigned in the constructor.
src/app/screens/next/ProfitLayout.ts(9,13): error TS2564: Property 'profitBackground' has no initializer and is not definitely assigned in the constructor.
src/app/screens/next/SidebarLayout.ts(1,36): error TS7016: Could not find a declaration file for module '@pixi/ui'. 'E:/PixiJS/PixiTest/node_modules/@pixi/ui/lib/index.js' implicitly has an 'any' type.
  Try `npm i --save-dev @types/pixi__ui` if it exists or add a new declaration (.d.ts) file containing `declare module '@pixi/ui';`
src/app/screens/next/SidebarLayout.ts(13,13): error TS2564: Property 'box' has no initializer and is not definitely assigned in the constructor.
src/app/screens/next/SidebarLayout.ts(14,13): error TS2564: Property 'amountContainer' has no initializer and is not definitely assigned in the constructor.
src/app/screens/next/SidebarLayout.ts(15,13): error TS2564: Property 'title' has no initializer and is not definitely assigned in the constructor.
src/app/screens/next/SidebarLayout.ts(16,13): error TS2564: Property 'higherLowerContainer' has no initializer and is not definitely assigned in the constructor.
src/app/screens/next/SidebarLayout.ts(17,13): error TS2564: Property 'skipBetContainer' has no initializer and is not definitely assigned in the constructor.
src/app/ui/Button.ts(1,29): error TS7016: Could not find a declaration file for module '@pixi/ui'. 'E:/PixiJS/PixiTest/node_modules/@pixi/ui/lib/index.js' implicitly has an 'any' type.
  Try `npm i --save-dev @types/pixi__ui` if it exists or add a new declaration (.d.ts) file containing `declare module '@pixi/ui';`
src/app/ui/Button.ts(56,10): error TS2339: Property 'width' does not exist on type 'Button'.
src/app/ui/Button.ts(57,10): error TS2339: Property 'height' does not exist on type 'Button'.
src/app/ui/Button.ts(59,10): error TS2339: Property 'onDown' does not exist on type 'Button'.
src/app/ui/Button.ts(60,10): error TS2339: Property 'onHover' does not exist on type 'Button'.
src/app/ui/CardHistoryItem.ts(3,10): error TS2459: Module '"../screens/next/NextScreen"' declares 'GuessAction' locally, but it is not exported.
src/app/ui/VolumeSlider.ts(1,24): error TS7016: Could not find a declaration file for module '@pixi/ui'. 'E:/PixiJS/PixiTest/node_modules/@pixi/ui/lib/index.js' implicitly has an 'any' type.
  Try `npm i --save-dev @types/pixi__ui` if it exists or add a new declaration (.d.ts) file containing `declare module '@pixi/ui';`
src/app/ui/VolumeSlider.ts(61,10): error TS2339: Property 'value' does not exist on type 'VolumeSlider'.
src/app/ui/VolumeSlider.ts(74,10): error TS2339: Property 'addChild' does not exist on type 'VolumeSlider'.
src/main.ts(3,1): error TS6133: 'MainScreen' is declared but its value is never read.
